xc printf 9 wtf2
xc printf 9 wtf2
xc printf  wtf1 47
xc printf  wtf2 47
xc printf  wtf3 47
xc printf  wtf1 44
xc printf  wtf2 44
xc printf  wtf3 44
xc printf  wtf1 41
xc printf  wtf2 41
xc printf  wtf3 41
xc printf  wtf1 38
xc printf  wtf2 38
xc printf  wtf3 38
xc printf  wtf1 35
xc printf  wtf2 35
xc printf  wtf3 35
xc printf  wtf1 32
xc printf  wtf2 32
xc printf  wtf3 32
xc printf  wtf1 29
xc printf  wtf2 29
xc printf  wtf3 29
xc printf  wtf1 26
xc printf  wtf2 26
xc printf  wtf3 26
xc printf  wtf1 23
xc printf  wtf2 23
xc printf  wtf3 23
xc printf  wtf1 20
xc printf  wtf2 20
xc printf  wtf3 20
xc printf  wtf1 17
xc printf  wtf2 17
xc printf  wtf3 17
xc printf  wtf1 14
xc printf  wtf2 14
xc printf  wtf3 14
xc printf  wtf1 11
xc printf  wtf2 11
xc printf  wtf3 11
xc printf  wtf1 8
xc printf  wtf2 8
xc printf  wtf3 8
xc printf  wtf1 5
xc printf  wtf2 5
xc printf  wtf3 5
xc printf  wtf1 2
xc printf  wtf2 2
xc printf  wtf3 2
xc printf  g 2
xc printf  g 1
xc printf  g 0
xc printf  g -1
