xc printf 9 wtf2
xc printf 9 wtf2
xc printf  wtf1 45
xc printf  wtf2 45
xc printf  wtf3 45
xc printf  wtf1 40
xc printf  wtf2 40
xc printf  wtf3 40
xc printf  wtf1 35
xc printf  wtf2 35
xc printf  wtf3 35
xc printf  wtf1 30
xc printf  wtf2 30
xc printf  wtf3 30
xc printf  wtf1 25
xc printf  wtf2 25
xc printf  wtf3 25
xc printf  wtf1 20
xc printf  wtf2 20
xc printf  wtf3 20
xc printf  wtf1 15
xc printf  wtf2 15
xc printf  wtf3 15
xc printf  wtf1 10
xc printf  wtf2 10
xc printf  wtf3 10
xc printf  wtf1 5
xc printf  wtf2 5
xc printf  wtf3 5
xc printf  wtf1 0
xc printf  wtf2 0
xc printf  wtf3 0
xc printf  g 2
xc printf  g 1
xc printf  g 0
xc printf  g -1
